/blog/2008/february/how-microsoft-check-mated-facebook/
/blog/2007/july/yahoo-online-office-coming/
/blog/2007/june/google-desktop-linux-developer-angle/
/blog/2007/june/brave-move-google-germany/
/blog/2007/june/django-image-bundle/
/blog/2007/june/google-book-search-some-facts/
/blog/2006/february/google-and-porn.html
/blog/2006/february/finally-google-gets-its-sense-back.html
/blog/2006/january/introducing-labelr.html
/blog/2006/january/google-bookmarks-web-10-style.html
/blog/2006/january/googlecn-pr-blunder.html
/blog/2006/january/google-we-expected-better.html
/blog/2006/january/google-vs-doj-real-reason.html
/blog/2006/january/google-guts.html
/blog/2006/january/google-searching-files-in-targz.html
/blog/2006/january/rumor-google-pc.html
/blog/2006/january/smart.html
/blog/2005/december/google-homepage.html
/blog/2005/december/googlepark-battle-for-aol.html
/blog/2005/december/blogger-web-comments-for-firefox.html
/blog/2005/november/proof-that-tv-is-ruining-world.html
/blog/2005/november/google-print-is-evil.html
/blog/2005/october/google-do-no-evil.html
/blog/2005/october/luckiest-man-on-earth.html
/blog/2005/september/gmail-hindi-interface.html
/blog/2005/september/google-desktop.html
/blog/2005/september/we-are-all-civilised-here.html
/blog/2005/august/google-talk-failed-promise.html
/blog/2005/august/googlepark-scoble-goes-to-google.html
/blog/2005/august/google-mail-with-custom-from.html
/blog/2005/august/gvisit.html
/blog/2005/june/google-rips-my-idea.html
/blog/2005/april/google-sightseeing.html
/blog/2005/march/grease-monkey-and-saved-searches-in.html
/blog/2005/march/search-x-more-than-parody.html
/blog/2005/march/pygoogle-and-pygame.html
/blog/2005/march/opensearch-and-open-source-search.html
/blog/2005/march/google-x.html
/blog/2005/february/google-movies.html
/blog/2005/february/google-echelon.html
/blog/2005/february/epic-2014.html
/blog/2005/january/google-answers.html
/blog/2005/january/gmail-tips.html
/blog/2004/december/mind-of-god.html
/blog/2004/december/google-suggest-revisited.html
/blog/2004/december/google-suggest-old-news.html
/blog/2004/december/froogle-undo-s-mistake.html
/blog/2004/november/im-wishing.html
