/blog/2007/december/shlock-mercenary-online-space-comic-opera/
/blog/2007/august/picard-song/
/blog/2007/june/i-love-legal-drama/
/blog/2007/june/blog-recommendation-jon-swift/
/blog/2006/june/microsoft-code.html
/blog/2006/may/worried-sick.html
/blog/2006/may/bush-is-probably-smarter-than-we-think.html
/blog/2006/march/now-theres-couple-that-knows-how-to.html
/blog/2006/march/testing.html
/blog/2006/march/savage-chickens.html
/blog/2006/february/calvin-on-voilence.html
/blog/2006/february/rube-goldberg.html
/blog/2006/january/please-compile.html
/blog/2005/december/some-advice-that-is-not-going-to-be.html
/blog/2005/december/larry-wall-rocks.html
/blog/2005/december/googlepark-battle-for-aol.html
/blog/2005/december/something-funny-adoption.html
/blog/2005/december/top-10-software-euphemisms.html
/blog/2005/october/brief-brief-history-of-time.html
/blog/2005/september/python-theology.html
/blog/2005/september/we-are-all-civilised-here.html
/blog/2005/august/too-much-coffee-man.html
/blog/2005/august/googlepark-scoble-goes-to-google.html
/blog/2005/april/why-geeks-and-nerds-are-worth-it.html
/blog/2005/april/zen-of-python.html
/blog/2005/april/only-on-slashdot.html
/blog/2005/march/mil-and-margret.html
/blog/2005/february/10-rules-of-programming.html
/blog/2005/january/site-recommendation-daily-wtf.html
/blog/2004/december/some-funny-stuff.html
/blog/2004/december/geek-humor.html
/blog/2004/november/in-midday.html
/blog/2004/november/some-geek-humor.html
/blog/2004/october/dont-stop-to-think.html
/blog/2004/october/fun-with-rfcs.html
