/blog/2008/february/islam-pictures-humans-not-allowed/
/blog/2008/february/frog/
/blog/2007/december/anti-suicide-laws/
/blog/2007/december/comments-free-be-foolish/
/blog/2007/november/why-do-indian-farmers-kill-themselves/
/blog/2007/november/vakow-diwali-special/
/blog/2007/september/privacy-implecations-mass-surveillance/
/blog/2007/september/mumbai-police-helping-terrorists/
/blog/2007/august/truely-inconvenient-truth/
/blog/2007/august/indian-government-reason-apathy/
/blog/2007/august/secular-media/
/blog/2007/august/respect-the-indian-cancer/
/blog/2007/august/nuclear-agreement-not-acceptable/
/blog/2007/august/introducing-somepickle/
/blog/2007/august/how-file-pil-india/
/blog/2007/july/sanay-dutt-you-were-wronged/
/blog/2007/july/seeing-yellow-or-red/
/blog/2007/july/nyayapati-gautam-fast-track-courts-for-politicians/
/blog/2007/july/privacy/
/blog/2007/july/privace-debate-i-have-nothing-hide-argument/
/blog/2007/june/brave-move-google-germany/
/blog/2007/june/super-nostrildumbass/
/blog/2006/may/fantastic-pragmatic-party.html
/blog/2006/may/answers.html
/blog/2006/may/great-siachen-sellout.html
/blog/2006/may/reservation-debate-numbers.html
/blog/2006/may/youth-curry-on-reservations.html
/blog/2006/may/nyayapati-gautams-india-story.html
/blog/2006/may/defending-reservations.html
/blog/2006/april/mau-last-november.html
/blog/2006/april/indifference-vs-incompetence.html
/blog/2006/april/cause-and-champions.html
/blog/2006/march/india-needs-more-phds.html
/blog/2006/march/street-harassment-is-crime.html
/blog/2006/february/india-rising.html
/blog/2006/february/ayesha-on-attacking-islam.html
/blog/2006/february/rashmi-on-cartoon-controversy-and-more.html
/blog/2006/january/mob-mentality-glorified.html
/blog/2006/january/ironic.html
/blog/2006/january/lets-promote-innovation-patent-fat.html
/blog/2005/december/literacy-rate-india.html
/blog/2005/december/something-sad.html
/blog/2005/december/we-indian-mob-mentality.html
/blog/2005/december/i-want-this-for-india.html
/blog/2005/december/nytimes-on-golden-quadrilateral.html
/blog/2005/september/gmail-hindi-interface.html
/blog/2005/july/save-flamingos.html
/blog/2005/april/no-more-software-patents-in-india.html
/blog/2005/april/indias-message-to-wipo.html
/blog/2005/march/age-of-anti-technology.html
/blog/2005/march/mp-eu-warns-goi-against-software.html
/blog/2005/march/eu-software-patent-drama.html
/blog/2005/january/gera-on-media-suggests-regulation-i.html
/blog/2005/january/sanskrit-resource.html
/blog/2005/january/tsunami-warning-systems.html
/blog/2005/january/blogging-in-hindi-howto.html
/blog/2004/december/tsunami.html
/blog/2004/november/indian-epic-ramayana-as-comic.html
/blog/2004/november/someone-defends-software-patents_22.html
/blog/2004/november/note-on-india-and-ipr.html
/blog/2004/october/free-health-care.html
