/blog/2008/march/git-svn-whys-and-hows/
/blog/2007/november/vakow-diwali-special/
/blog/2007/july/vim-python-code-folding-and-my-vimrc/
/blog/2007/july/django-extending-user-model/
/blog/2007/july/reverse-pagination/
/blog/2007/july/introducing-jackass-keyboard-binding-page-scroll/
/blog/2007/june/django-image-bundle/
/blog/2007/june/labelr-closure/
/blog/2006/january/introducing-labelr.html
/blog/2005/december/yours-truly-mysteriously-unknown.html
/blog/2005/september/soaped-django.html
/blog/2005/september/xmlrpc-support-for-django.html
/blog/2005/july/mdir-for-python.html
/blog/2005/july/python-dataurl.html
/blog/2005/april/expandable-posts-hack-for-blogger-now.html
/blog/2005/april/smileyfy-is-here.html
/blog/2005/april/furl-to-delicious.html
/blog/2005/march/image-resizer.html
/blog/2005/march/reclaim-you-feeds-from-bloglines.html
/blog/2005/january/more-fun-with-css-popups.html
/blog/2004/december/screen-howto.html
/blog/2004/december/getting-flamed-at.html
/blog/2004/november/paroemiographer.html
/blog/2004/november/yesterday-on-slashdot.html
/blog/2004/november/she-looks-at-me.html
/blog/2004/october/i-did-it.html
