/blog/2008/march/git-svn-whys-and-hows/
/blog/2007/december/codes-worst-enemy/
/blog/2007/november/rsi-tip-swap-control-and-capslock-keys/
/blog/2007/november/grok-zope-human-beings/
/blog/2007/july/thread-synchronization-mechanisms-python/
/blog/2007/july/dbviews-django/
/blog/2007/july/threadlocal-storage-python/
/blog/2007/july/python-import-gotcha-and-advice/
/blog/2007/july/howto-create-thumbnails/
/blog/2007/july/vim-python-code-folding-and-my-vimrc/
/blog/2007/july/django-extending-user-model/
/blog/2007/july/how-super-works-python/
/blog/2007/july/django-master-class/
/blog/2007/july/reverse-pagination/
/blog/2007/july/structured-wiki/
/blog/2007/july/introducing-jackass-keyboard-binding-page-scroll/
/blog/2007/july/featured-django-project-i18ndynamic/
/blog/2007/july/jquery-plugin-masked-input/
/blog/2007/june/google-desktop-linux-developer-angle/
/blog/2007/june/wikidbase-wiki-x-database/
/blog/2007/june/online-http-page-load-analyzer/
/blog/2007/june/m4-getting-started/
/blog/2007/june/women-tech/
/blog/2007/june/django-image-bundle/
/blog/2006/april/scapy-programmable-networking.html
/blog/2006/january/introducing-labelr.html
/blog/2006/january/please-compile.html
/blog/2006/january/python-make-quit-and-exit-work.html
/blog/2006/january/django-tips.html
/blog/2006/january/use-inline-python.html
/blog/2006/january/my-ideal-logging-framework.html
/blog/2006/january/keyword-based-logging.html
/blog/2006/january/genetic-algorithms-and-keyboard-layout.html
/blog/2006/january/currently-reading.html
/blog/2005/december/why-kde-rules.html
/blog/2005/december/larry-wall-rocks.html
/blog/2005/december/overlib-vs-css-popups.html
/blog/2005/december/php-and-performance.html
/blog/2005/december/ten-years-of-ui-research-and-you-get.html
/blog/2005/december/interesting-office-12-ui-innovation.html
/blog/2005/december/top-10-software-euphemisms.html
/blog/2005/december/how-hackers-think.html
/blog/2005/november/javascript-behaviour.html
/blog/2005/november/is-ajax-gonna-kill-web-frameworks.html
/blog/2005/october/phps-peardb-performance-sucks.html
/blog/2005/september/mysql-nested-queries-suck.html
/blog/2005/september/soaped-django.html
/blog/2005/september/xmlrpc-support-for-django.html
/blog/2005/august/windows-junction-symlink-for-windows.html
/blog/2005/july/pyqt-gpl.html
/blog/2005/july/mdir-for-python.html
/blog/2005/july/python-dataurl.html
/blog/2005/june/bram-cohen-strikes-back.html
/blog/2005/june/key-idea-behind-microsoft-avalanche.html
/blog/2005/april/microsoft-with-foot-in-mouth.html
/blog/2005/april/furl-to-delicious.html
/blog/2005/march/grease-monkey-and-saved-searches-in.html
/blog/2005/march/beautiful-soup.html
/blog/2005/march/nvu-html-editor.html
/blog/2005/march/image-resizer.html
/blog/2005/march/pygoogle-and-pygame.html
/blog/2005/march/reclaim-you-feeds-from-bloglines.html
/blog/2005/march/webservice-api-galore-web-of-alphabets.html
/blog/2005/march/preserve-semantics.html
/blog/2005/february/10-rules-of-programming.html
/blog/2005/february/iframe.html
/blog/2005/february/css-important-and-gmail-skins.html
/blog/2005/february/htmltmpl-and-xslt.html
/blog/2005/february/pyrex-for-python.html
/blog/2005/february/webservices-links.html
/blog/2005/february/python-twisted-internet.html
/blog/2005/february/trolltech-gpl-ing-qtwindows.html
/blog/2005/january/site-recommendation-daily-wtf.html
/blog/2004/december/some-funny-stuff.html
/blog/2004/november/fun-with-prime-numbers.html
/blog/2004/november/emacs-mode-for-gdb.html
/blog/2004/november/some-geek-humor.html
/blog/2004/october/breaking-network-barrier.html
/blog/2004/october/nokia-browser.html
/blog/2004/october/i-did-it.html
/blog/2004/october/dont-stop-to-think.html
/blog/2004/october/fun-with-rfcs.html
