/blog/2008/february/frog/
/blog/2007/november/why-do-indian-farmers-kill-themselves/
/blog/2007/september/privacy-implecations-mass-surveillance/
/blog/2007/september/mumbai-police-helping-terrorists/
/blog/2007/july/seeing-yellow-or-red/
/blog/2007/july/nyayapati-gautam-fast-track-courts-for-politicians/
/blog/2007/july/privacy/
/blog/2007/july/privace-debate-i-have-nothing-hide-argument/
/blog/2007/july/bush-war-criminal/
/blog/2007/june/brave-move-google-germany/
/blog/2006/may/great-siachen-sellout.html
/blog/2006/may/schneier-problems-with-data-mining.html
/blog/2006/april/indifference-vs-incompetence.html
/blog/2006/april/externalities.html
/blog/2006/march/street-harassment-is-crime.html
/blog/2006/february/us-political-update.html
/blog/2006/january/cell-phone-records-for-100.html
/blog/2005/november/schneier-on-sony.html
/blog/2005/august/bluetooth-as-laptop-sensor.html
/blog/2005/july/more-schneier-ish.html
/blog/2005/july/thinking-security.html
/blog/2005/june/bram-cohen-strikes-back.html
/blog/2005/march/spin-machine-failure-success.html
/blog/2005/march/software-recommendation-keynote.html
/blog/2004/december/tsunami.html
/blog/2004/december/bruce-concentration-vs-diffusion.html
/blog/2004/december/its-official-linux-code-better-than.html
/blog/2004/december/froogle-undo-s-mistake.html
